[0m19:08:36.956567 [debug] [MainThread]: Sending event: {'category': 'dbt', 'action': 'invocation', 'label': 'start', 'context': [<snowplow_tracker.self_describing_json.SelfDescribingJson object at 0x10adcdfd0>, <snowplow_tracker.self_describing_json.SelfDescribingJson object at 0x10c54e990>, <snowplow_tracker.self_describing_json.SelfDescribingJson object at 0x10c54e710>]}


============================== 19:08:36.960305 | 2f8bf43a-70e0-4bfa-8898-22d1553e45bf ==============================
[0m19:08:36.960305 [info ] [MainThread]: Running with dbt=1.12.3
[0m19:08:36.960640 [debug] [MainThread]: running dbt with arguments {'debug': 'False', 'empty': 'None', 'log_cache_events': 'False', 'partial_parse': 'True', 'static_parser': 'True', 'no_print': 'None', 'send_anonymous_usage_stats': 'True', 'warn_error_options': 'WarnErrorOptionsV2(error=[], warn=[], silence=[])', 'log_path': 'logs', 'log_format': 'default', 'warn_error': 'None', 'use_colors': 'True', 'printer_width': '80', 'write_json': 'True', 'quiet': 'False', 'invocation_command': 'dbt init fdp', 'use_experimental_parser': 'False', 'fail_fast': 'False', 'introspect': 'True', 'indirect_selection': 'eager', 'target_path': 'None', 'profiles_dir': '/Users/abhik/.dbt', 'hints_enabled': 'True', 'version_check': 'True', 'cache_selected_only': 'False', 'maximum_seed_size_mib': '1'}
[0m19:08:36.970695 [info ] [MainThread]: Creating dbt configuration folder at /Users/abhik/.dbt
[0m19:08:36.971749 [debug] [MainThread]: Starter project path: /Users/abhik/Library/Application Support/pipx/venvs/dbt-core/lib/python3.14/site-packages/dbt/include/starter_project
[0m19:08:36.976420 [info ] [MainThread]: Setting up your profile.
[0m19:09:05.164299 [debug] [MainThread]: Snowflake adapter: Setting snowflake.connector to ERROR (file logging only)
[0m19:09:05.164711 [debug] [MainThread]: Snowflake adapter: Setting botocore to ERROR (file logging only)
[0m19:09:05.164868 [debug] [MainThread]: Snowflake adapter: Setting boto3 to ERROR (file logging only)
[0m19:14:03.249686 [info ] [MainThread]: Profile fdp written to /Users/abhik/.dbt/profiles.yml using target's profile_template.yml and your supplied values.
[0m19:14:03.287376 [info ] [MainThread]: Running dbt debug to validate the project...
[0m19:14:03.289603 [info ] [MainThread]: dbt version: 1.12.3
[0m19:14:03.290003 [info ] [MainThread]: python version: 3.14.7
[0m19:14:03.290207 [info ] [MainThread]: python path: /Users/abhik/Library/Application Support/pipx/venvs/dbt-core/bin/python
[0m19:14:03.290435 [info ] [MainThread]: os info: macOS-27.0-arm64-arm-64bit-Mach-O
[0m19:14:03.330959 [info ] [MainThread]: Using profiles dir at /Users/abhik/.dbt
[0m19:14:03.331281 [info ] [MainThread]: Using profiles.yml file at /Users/abhik/.dbt/profiles.yml
[0m19:14:03.331427 [info ] [MainThread]: Using dbt_project.yml file at /Users/abhik/Documents/xcode/vscode/amzn-snflx-fdp/fdp/dbt_project.yml
[0m19:14:03.332052 [info ] [MainThread]: adapter type: snowflake
[0m19:14:03.332192 [info ] [MainThread]: adapter version: 1.12.0
[0m19:14:03.388158 [info ] [MainThread]: Configuration:
[0m19:14:03.388467 [info ] [MainThread]:   profiles.yml file [[32mOK found and valid[0m]
[0m19:14:03.388623 [info ] [MainThread]:   dbt_project.yml file [[32mOK found and valid[0m]
[0m19:14:03.388759 [info ] [MainThread]: Required dependencies:
[0m19:14:03.389046 [debug] [MainThread]: Executing "git --help"
[0m19:14:03.442837 [debug] [MainThread]: STDOUT: "b"usage: git [-v | --version] [-h | --help] [-C <path>] [-c <name>=<value>]\n           [--exec-path[=<path>]] [--html-path] [--man-path] [--info-path]\n           [-p | --paginate | -P | --no-pager] [--no-replace-objects] [--no-lazy-fetch]\n           [--no-optional-locks] [--no-advice] [--bare] [--git-dir=<path>]\n           [--work-tree=<path>] [--namespace=<name>] [--config-env=<name>=<envvar>]\n           <command> [<args>]\n\nThese are common Git commands used in various situations:\n\nstart a working area (see also: git help tutorial)\n   clone      Clone a repository into a new directory\n   init       Create an empty Git repository or reinitialize an existing one\n\nwork on the current change (see also: git help everyday)\n   add        Add file contents to the index\n   mv         Move or rename a file, a directory, or a symlink\n   restore    Restore working tree files\n   rm         Remove files from the working tree and from the index\n\nexamine the history and state (see also: git help revisions)\n   bisect     Use binary search to find the commit that introduced a bug\n   diff       Show changes between commits, commit and working tree, etc\n   grep       Print lines matching a pattern\n   log        Show commit logs\n   show       Show various types of objects\n   status     Show the working tree status\n\ngrow, mark and tweak your common history\n   backfill   Download missing objects in a partial clone\n   branch     List, create, or delete branches\n   commit     Record changes to the repository\n   merge      Join two or more development histories together\n   rebase     Reapply commits on top of another base tip\n   reset      Reset current HEAD to the specified state\n   switch     Switch branches\n   tag        Create, list, delete or verify a tag object signed with GPG\n\ncollaborate (see also: git help workflows)\n   fetch      Download objects and refs from another repository\n   pull       Fetch from and integrate with another repository or a local branch\n   push       Update remote refs along with associated objects\n\n'git help -a' and 'git help -g' list available subcommands and some\nconcept guides. See 'git help <command>' or 'git help <concept>'\nto read about a specific subcommand or concept.\nSee 'git help git' for an overview of the system.\n""
[0m19:14:03.443439 [debug] [MainThread]: STDERR: "b''"
[0m19:14:03.443648 [info ] [MainThread]:  - git [[32mOK found[0m]

[0m19:14:03.443824 [info ] [MainThread]: Connection:
[0m19:14:03.444018 [info ] [MainThread]:   account: YFEWSMO-SB82081
[0m19:14:03.444152 [info ] [MainThread]:   user: DATAENG
[0m19:14:03.444276 [info ] [MainThread]:   database: ZOMATO_WH
[0m19:14:03.444397 [info ] [MainThread]:   warehouse: ZOMATO_WH
[0m19:14:03.444520 [info ] [MainThread]:   role: DBT_ROLE
[0m19:14:03.444641 [info ] [MainThread]:   schema: STAGING
[0m19:14:03.444760 [info ] [MainThread]:   authenticator: None
[0m19:14:03.444887 [info ] [MainThread]:   oauth_client_id: None
[0m19:14:03.445001 [info ] [MainThread]:   query_tag: None
[0m19:14:03.445119 [info ] [MainThread]:   client_session_keep_alive: False
[0m19:14:03.445239 [info ] [MainThread]:   host: None
[0m19:14:03.445352 [info ] [MainThread]:   port: None
[0m19:14:03.445467 [info ] [MainThread]:   proxy_host: None
[0m19:14:03.445581 [info ] [MainThread]:   proxy_port: None
[0m19:14:03.445693 [info ] [MainThread]:   protocol: None
[0m19:14:03.445809 [info ] [MainThread]:   connect_retries: 1
[0m19:14:03.445921 [info ] [MainThread]:   connect_timeout: None
[0m19:14:03.446038 [info ] [MainThread]:   retry_on_database_errors: False
[0m19:14:03.446161 [info ] [MainThread]:   retry_all: False
[0m19:14:03.446274 [info ] [MainThread]:   insecure_mode: False
[0m19:14:03.446387 [info ] [MainThread]:   reuse_connections: True
[0m19:14:03.446504 [info ] [MainThread]:   s3_stage_vpce_dns_name: None
[0m19:14:03.446618 [info ] [MainThread]:   workload_identity_provider: None
[0m19:14:03.446734 [info ] [MainThread]:   workload_identity_entra_resource: None
[0m19:14:03.446854 [info ] [MainThread]:   platform_detection_timeout_seconds: 0.0
[0m19:14:03.447353 [info ] [MainThread]: Registered adapter: snowflake=1.12.0
[0m19:14:03.528472 [debug] [MainThread]: Acquiring new snowflake connection 'debug'
[0m19:14:03.530670 [debug] [MainThread]: Using snowflake connection "debug"
[0m19:14:03.530863 [debug] [MainThread]: On debug: select 1 as id
[0m19:14:03.531024 [debug] [MainThread]: Opening a new connection, currently in state init
[0m19:14:05.225529 [debug] [MainThread]: Snowflake adapter: Error running SQL: select 1 as id
[0m19:14:05.226223 [debug] [MainThread]: Snowflake adapter: Rolling back transaction.
[0m19:14:05.226821 [info ] [MainThread]:   Connection test: [[31mERROR[0m]

[0m19:14:05.227318 [info ] [MainThread]: [31m1 check failed:[0m
[0m19:14:05.227742 [info ] [MainThread]: dbt was unable to connect to the specified database.
The database returned the following error:

  >Database Error
  390100 (28000): Failed to connect to DB: YFEWSMO-SB82081.snowflakecomputing.com:443. Incorrect username or password was specified. [47536161-e6cf-40ab-bbe2-645f3966e36f]

Check your database credentials and try again. For more information, visit:
https://docs.getdbt.com/docs/configure-your-profile


[0m19:14:05.228466 [info ] [MainThread]: Your new dbt project "fdp" was created!
Initialized new project in /Users/abhik/Documents/xcode/vscode/amzn-snflx-fdp/fdp/fdp

For more information on how to configure the profiles.yml file,
please consult the dbt documentation here:

  https://docs.getdbt.com/docs/configure-your-profile

One more thing:

Need help? Don't hesitate to reach out to us via GitHub issues or on Slack:

  https://community.getdbt.com/

Happy modeling!

[0m19:14:05.228929 [info ] [MainThread]: [31mYour profile may need adjustments. You can find the logs of `dbt debug` above[0m
[0m19:14:05.262749 [debug] [MainThread]: Resource report: {"command_name": "init", "command_success": true, "command_wall_clock_time": 328.4077, "process_in_blocks": "0", "process_kernel_time": 0.430931, "process_mem_max_rss": "156237824", "process_out_blocks": "0", "process_user_time": 1.424727}
[0m19:14:05.263927 [debug] [MainThread]: Command `dbt init` succeeded at 19:14:05.263736 after 328.41 seconds
[0m19:14:05.264424 [debug] [MainThread]: Connection 'debug' was left open.
[0m19:14:05.264758 [debug] [MainThread]: On debug: No close available on handle
[0m19:14:05.265257 [debug] [MainThread]: Sending event: {'category': 'dbt', 'action': 'invocation', 'label': 'end', 'context': [<snowplow_tracker.self_describing_json.SelfDescribingJson object at 0x10c377950>, <snowplow_tracker.self_describing_json.SelfDescribingJson object at 0x10ebb3bf0>, <snowplow_tracker.self_describing_json.SelfDescribingJson object at 0x10eb95040>]}
[0m19:14:05.265816 [debug] [MainThread]: Flushing usage events
[0m19:14:06.807383 [debug] [MainThread]: An error was encountered while trying to flush usage events
[0m19:14:52.365626 [debug] [MainThread]: Sending event: {'category': 'dbt', 'action': 'invocation', 'label': 'start', 'context': [<snowplow_tracker.self_describing_json.SelfDescribingJson object at 0x10abd5fd0>, <snowplow_tracker.self_describing_json.SelfDescribingJson object at 0x10c35a990>, <snowplow_tracker.self_describing_json.SelfDescribingJson object at 0x10c35a710>]}


============================== 19:14:52.369448 | 2b4f460b-c6a0-44f5-b003-cf14824c1232 ==============================
[0m19:14:52.369448 [info ] [MainThread]: Running with dbt=1.12.3
[0m19:14:52.369789 [debug] [MainThread]: running dbt with arguments {'introspect': 'True', 'static_parser': 'True', 'fail_fast': 'False', 'log_path': 'logs', 'hints_enabled': 'True', 'debug': 'False', 'no_print': 'None', 'write_json': 'True', 'empty': 'None', 'printer_width': '80', 'indirect_selection': 'eager', 'profiles_dir': '/Users/abhik/.dbt', 'quiet': 'False', 'log_format': 'default', 'version_check': 'True', 'partial_parse': 'True', 'use_experimental_parser': 'False', 'cache_selected_only': 'False', 'log_cache_events': 'False', 'invocation_command': 'dbt init fdp', 'maximum_seed_size_mib': '1', 'send_anonymous_usage_stats': 'True', 'use_colors': 'True', 'warn_error': 'None', 'warn_error_options': 'WarnErrorOptionsV2(error=[], warn=[], silence=[])', 'target_path': 'None'}
[0m19:14:52.380209 [info ] [MainThread]: A project called fdp already exists here.
[0m19:14:52.382285 [debug] [MainThread]: Resource report: {"command_name": "init", "command_success": true, "command_wall_clock_time": 0.10725167, "process_in_blocks": "0", "process_kernel_time": 0.169096, "process_mem_max_rss": "130580480", "process_out_blocks": "0", "process_user_time": 0.801591}
[0m19:14:52.382593 [debug] [MainThread]: Command `dbt init` succeeded at 19:14:52.382534 after 0.11 seconds
[0m19:14:52.383114 [debug] [MainThread]: Sending event: {'category': 'dbt', 'action': 'invocation', 'label': 'end', 'context': [<snowplow_tracker.self_describing_json.SelfDescribingJson object at 0x10c17f950>, <snowplow_tracker.self_describing_json.SelfDescribingJson object at 0x10c395b50>, <snowplow_tracker.self_describing_json.SelfDescribingJson object at 0x10c38ef10>]}
[0m19:14:52.383382 [debug] [MainThread]: Flushing usage events
[0m19:14:53.403498 [debug] [MainThread]: An error was encountered while trying to flush usage events
[0m19:15:11.186233 [debug] [MainThread]: Sending event: {'category': 'dbt', 'action': 'invocation', 'label': 'start', 'context': [<snowplow_tracker.self_describing_json.SelfDescribingJson object at 0x10d31dfd0>, <snowplow_tracker.self_describing_json.SelfDescribingJson object at 0x10eaa2990>, <snowplow_tracker.self_describing_json.SelfDescribingJson object at 0x10eaa2710>]}


============================== 19:15:11.189906 | 1551bb60-ba03-429c-b369-1484848ae32c ==============================
[0m19:15:11.189906 [info ] [MainThread]: Running with dbt=1.12.3
[0m19:15:11.190238 [debug] [MainThread]: running dbt with arguments {'warn_error': 'None', 'version_check': 'True', 'log_cache_events': 'False', 'target_path': 'None', 'maximum_seed_size_mib': '1', 'warn_error_options': 'WarnErrorOptionsV2(error=[], warn=[], silence=[])', 'partial_parse': 'True', 'quiet': 'False', 'indirect_selection': 'eager', 'cache_selected_only': 'False', 'debug': 'False', 'printer_width': '80', 'invocation_command': 'dbt init fdp', 'use_experimental_parser': 'False', 'introspect': 'True', 'static_parser': 'True', 'use_colors': 'True', 'empty': 'None', 'send_anonymous_usage_stats': 'True', 'fail_fast': 'False', 'no_print': 'None', 'profiles_dir': '/Users/abhik/.dbt', 'log_path': 'logs', 'write_json': 'True', 'hints_enabled': 'True', 'log_format': 'default'}
[0m19:15:11.200054 [debug] [MainThread]: Starter project path: /Users/abhik/Library/Application Support/pipx/venvs/dbt-core/lib/python3.14/site-packages/dbt/include/starter_project
[0m19:15:11.205372 [info ] [MainThread]: Setting up your profile.
[0m19:15:23.389640 [debug] [MainThread]: Snowflake adapter: Setting snowflake.connector to ERROR (file logging only)
[0m19:15:23.389932 [debug] [MainThread]: Snowflake adapter: Setting botocore to ERROR (file logging only)
[0m19:15:23.390090 [debug] [MainThread]: Snowflake adapter: Setting boto3 to ERROR (file logging only)
[0m19:18:45.809460 [info ] [MainThread]: Profile fdp written to /Users/abhik/.dbt/profiles.yml using target's profile_template.yml and your supplied values.
[0m19:18:45.818755 [info ] [MainThread]: Running dbt debug to validate the project...
[0m19:18:45.820368 [info ] [MainThread]: dbt version: 1.12.3
[0m19:18:45.820810 [info ] [MainThread]: python version: 3.14.7
[0m19:18:45.821141 [info ] [MainThread]: python path: /Users/abhik/Library/Application Support/pipx/venvs/dbt-core/bin/python
[0m19:18:45.821488 [info ] [MainThread]: os info: macOS-27.0-arm64-arm-64bit-Mach-O
[0m19:18:45.874623 [info ] [MainThread]: Using profiles dir at /Users/abhik/.dbt
[0m19:18:45.875008 [info ] [MainThread]: Using profiles.yml file at /Users/abhik/.dbt/profiles.yml
[0m19:18:45.875186 [info ] [MainThread]: Using dbt_project.yml file at /Users/abhik/Documents/xcode/vscode/amzn-snflx-fdp/fdp/dbt_project.yml
[0m19:18:45.876905 [info ] [MainThread]: adapter type: snowflake
[0m19:18:45.877128 [info ] [MainThread]: adapter version: 1.12.0
[0m19:18:45.935486 [info ] [MainThread]: Configuration:
[0m19:18:45.935799 [info ] [MainThread]:   profiles.yml file [[32mOK found and valid[0m]
[0m19:18:45.935947 [info ] [MainThread]:   dbt_project.yml file [[32mOK found and valid[0m]
[0m19:18:45.936089 [info ] [MainThread]: Required dependencies:
[0m19:18:45.936360 [debug] [MainThread]: Executing "git --help"
[0m19:18:45.989683 [debug] [MainThread]: STDOUT: "b"usage: git [-v | --version] [-h | --help] [-C <path>] [-c <name>=<value>]\n           [--exec-path[=<path>]] [--html-path] [--man-path] [--info-path]\n           [-p | --paginate | -P | --no-pager] [--no-replace-objects] [--no-lazy-fetch]\n           [--no-optional-locks] [--no-advice] [--bare] [--git-dir=<path>]\n           [--work-tree=<path>] [--namespace=<name>] [--config-env=<name>=<envvar>]\n           <command> [<args>]\n\nThese are common Git commands used in various situations:\n\nstart a working area (see also: git help tutorial)\n   clone      Clone a repository into a new directory\n   init       Create an empty Git repository or reinitialize an existing one\n\nwork on the current change (see also: git help everyday)\n   add        Add file contents to the index\n   mv         Move or rename a file, a directory, or a symlink\n   restore    Restore working tree files\n   rm         Remove files from the working tree and from the index\n\nexamine the history and state (see also: git help revisions)\n   bisect     Use binary search to find the commit that introduced a bug\n   diff       Show changes between commits, commit and working tree, etc\n   grep       Print lines matching a pattern\n   log        Show commit logs\n   show       Show various types of objects\n   status     Show the working tree status\n\ngrow, mark and tweak your common history\n   backfill   Download missing objects in a partial clone\n   branch     List, create, or delete branches\n   commit     Record changes to the repository\n   merge      Join two or more development histories together\n   rebase     Reapply commits on top of another base tip\n   reset      Reset current HEAD to the specified state\n   switch     Switch branches\n   tag        Create, list, delete or verify a tag object signed with GPG\n\ncollaborate (see also: git help workflows)\n   fetch      Download objects and refs from another repository\n   pull       Fetch from and integrate with another repository or a local branch\n   push       Update remote refs along with associated objects\n\n'git help -a' and 'git help -g' list available subcommands and some\nconcept guides. See 'git help <command>' or 'git help <concept>'\nto read about a specific subcommand or concept.\nSee 'git help git' for an overview of the system.\n""
[0m19:18:45.990497 [debug] [MainThread]: STDERR: "b''"
[0m19:18:45.990705 [info ] [MainThread]:  - git [[32mOK found[0m]

[0m19:18:45.990889 [info ] [MainThread]: Connection:
[0m19:18:45.991090 [info ] [MainThread]:   account: YFEWSMO-SB82081
[0m19:18:45.991222 [info ] [MainThread]:   user: DATAENG
[0m19:18:45.991346 [info ] [MainThread]:   database: ZOMATO_WH
[0m19:18:45.991461 [info ] [MainThread]:   warehouse: ZOMATO_WH
[0m19:18:45.991611 [info ] [MainThread]:   role: DBT_ROLE
[0m19:18:45.991803 [info ] [MainThread]:   schema: STAGING
[0m19:18:45.991948 [info ] [MainThread]:   authenticator: None
[0m19:18:45.992086 [info ] [MainThread]:   oauth_client_id: None
[0m19:18:45.992212 [info ] [MainThread]:   query_tag: None
[0m19:18:45.992338 [info ] [MainThread]:   client_session_keep_alive: False
[0m19:18:45.992462 [info ] [MainThread]:   host: None
[0m19:18:45.992578 [info ] [MainThread]:   port: None
[0m19:18:45.992694 [info ] [MainThread]:   proxy_host: None
[0m19:18:45.992810 [info ] [MainThread]:   proxy_port: None
[0m19:18:45.992922 [info ] [MainThread]:   protocol: None
[0m19:18:45.993037 [info ] [MainThread]:   connect_retries: 1
[0m19:18:45.993152 [info ] [MainThread]:   connect_timeout: None
[0m19:18:45.993265 [info ] [MainThread]:   retry_on_database_errors: False
[0m19:18:45.993460 [info ] [MainThread]:   retry_all: False
[0m19:18:45.993634 [info ] [MainThread]:   insecure_mode: False
[0m19:18:45.993780 [info ] [MainThread]:   reuse_connections: True
[0m19:18:45.993906 [info ] [MainThread]:   s3_stage_vpce_dns_name: None
[0m19:18:45.994034 [info ] [MainThread]:   workload_identity_provider: None
[0m19:18:45.994154 [info ] [MainThread]:   workload_identity_entra_resource: None
[0m19:18:45.994282 [info ] [MainThread]:   platform_detection_timeout_seconds: 0.0
[0m19:18:45.994792 [info ] [MainThread]: Registered adapter: snowflake=1.12.0
[0m19:18:46.070406 [debug] [MainThread]: Acquiring new snowflake connection 'debug'
[0m19:18:46.072595 [debug] [MainThread]: Using snowflake connection "debug"
[0m19:18:46.072791 [debug] [MainThread]: On debug: select 1 as id
[0m19:18:46.072971 [debug] [MainThread]: Opening a new connection, currently in state init
[0m19:18:47.230222 [debug] [MainThread]: SQL status: SUCCESS 1 in 1.157 seconds
[0m19:18:47.234069 [info ] [MainThread]:   Connection test: [[32mOK connection ok[0m]

[0m19:18:47.235248 [info ] [MainThread]: [32mAll checks passed![0m
[0m19:18:47.236072 [info ] [MainThread]: Your new dbt project "fdp" was created!
Initialized new project in /Users/abhik/Documents/xcode/vscode/amzn-snflx-fdp/fdp/fdp

For more information on how to configure the profiles.yml file,
please consult the dbt documentation here:

  https://docs.getdbt.com/docs/configure-your-profile

One more thing:

Need help? Don't hesitate to reach out to us via GitHub issues or on Slack:

  https://community.getdbt.com/

Happy modeling!

[0m19:18:47.241937 [debug] [MainThread]: Resource report: {"command_name": "init", "command_success": true, "command_wall_clock_time": 216.14291, "process_in_blocks": "0", "process_kernel_time": 0.347659, "process_mem_max_rss": "167493632", "process_out_blocks": "0", "process_user_time": 1.232811}
[0m19:18:47.243096 [debug] [MainThread]: Command `dbt init` succeeded at 19:18:47.242866 after 216.14 seconds
[0m19:18:47.243779 [debug] [MainThread]: Connection 'debug' was left open.
[0m19:18:47.244266 [debug] [MainThread]: On debug: Close
[0m19:18:47.452696 [debug] [MainThread]: Sending event: {'category': 'dbt', 'action': 'invocation', 'label': 'end', 'context': [<snowplow_tracker.self_describing_json.SelfDescribingJson object at 0x110b4f230>, <snowplow_tracker.self_describing_json.SelfDescribingJson object at 0x10b0cad50>, <snowplow_tracker.self_describing_json.SelfDescribingJson object at 0x1110e9370>]}
[0m19:18:47.453680 [debug] [MainThread]: Flushing usage events
[0m19:18:48.717117 [debug] [MainThread]: An error was encountered while trying to flush usage events
[0m15:59:00.087308 [debug] [MainThread]: Sending event: {'category': 'dbt', 'action': 'invocation', 'label': 'start', 'context': [<snowplow_tracker.self_describing_json.SelfDescribingJson object at 0x10d369fd0>, <snowplow_tracker.self_describing_json.SelfDescribingJson object at 0x10eb42710>, <snowplow_tracker.self_describing_json.SelfDescribingJson object at 0x10eb42990>]}


============================== 15:59:00.091134 | 572ff717-ce5f-46bc-81ce-8973cc0f2bce ==============================
[0m15:59:00.091134 [info ] [MainThread]: Running with dbt=1.12.3
[0m15:59:00.091479 [debug] [MainThread]: running dbt with arguments {'write_json': 'True', 'debug': 'False', 'maximum_seed_size_mib': '1', 'empty': 'False', 'send_anonymous_usage_stats': 'True', 'use_colors': 'True', 'no_print': 'None', 'version_check': 'True', 'indirect_selection': 'eager', 'introspect': 'True', 'invocation_command': 'dbt run --select staging', 'use_experimental_parser': 'False', 'target_path': 'None', 'log_cache_events': 'False', 'static_parser': 'True', 'profiles_dir': '/Users/abhik/.dbt', 'fail_fast': 'False', 'printer_width': '80', 'warn_error_options': 'WarnErrorOptionsV2(error=[], warn=[], silence=[])', 'log_path': 'logs', 'log_format': 'default', 'warn_error': 'None', 'partial_parse': 'True', 'quiet': 'False', 'cache_selected_only': 'False', 'hints_enabled': 'True'}
[0m15:59:00.091878 [error] [MainThread]: [[31mERROR[0m]: Encountered an error:
Runtime Error
  No dbt_project.yml found at expected path /Users/abhik/Documents/xcode/vscode/amzn-snflx-fdp/dbt_project.yml
  Verify that each entry within packages.yml (and their transitive dependencies) contains a file named dbt_project.yml
  
[0m15:59:00.097963 [debug] [MainThread]: Resource report: {"command_name": "run", "command_success": false, "command_wall_clock_time": 0.078692, "process_in_blocks": "0", "process_kernel_time": 0.209931, "process_mem_max_rss": "130760704", "process_out_blocks": "0", "process_user_time": 0.820788}
[0m15:59:00.098353 [debug] [MainThread]: Command `dbt run` failed at 15:59:00.098295 after 0.08 seconds
[0m15:59:00.098559 [debug] [MainThread]: Sending event: {'category': 'dbt', 'action': 'invocation', 'label': 'end', 'context': [<snowplow_tracker.self_describing_json.SelfDescribingJson object at 0x10eac55b0>, <snowplow_tracker.self_describing_json.SelfDescribingJson object at 0x10eb95250>, <snowplow_tracker.self_describing_json.SelfDescribingJson object at 0x10eb5b9b0>]}
[0m15:59:00.098753 [debug] [MainThread]: Flushing usage events
[0m15:59:01.187119 [debug] [MainThread]: An error was encountered while trying to flush usage events
[0m14:36:15.013926 [debug] [MainThread]: Sending event: {'category': 'dbt', 'action': 'invocation', 'label': 'start', 'context': [<snowplow_tracker.self_describing_json.SelfDescribingJson object at 0x10b491fd0>, <snowplow_tracker.self_describing_json.SelfDescribingJson object at 0x10cc66710>, <snowplow_tracker.self_describing_json.SelfDescribingJson object at 0x10cc66990>]}


============================== 14:36:15.017459 | b2520a35-3980-4e21-943a-cd4b9e61f85a ==============================
[0m14:36:15.017459 [info ] [MainThread]: Running with dbt=1.12.3
[0m14:36:15.017814 [debug] [MainThread]: running dbt with arguments {'invocation_command': 'dbt build', 'no_print': 'None', 'quiet': 'False', 'warn_error_options': 'WarnErrorOptionsV2(error=[], warn=[], silence=[])', 'hints_enabled': 'True', 'use_colors': 'True', 'partial_parse': 'True', 'version_check': 'True', 'fail_fast': 'False', 'log_format': 'default', 'static_parser': 'True', 'maximum_seed_size_mib': '1', 'debug': 'False', 'write_json': 'True', 'printer_width': '80', 'log_path': 'logs', 'log_cache_events': 'False', 'send_anonymous_usage_stats': 'True', 'introspect': 'True', 'cache_selected_only': 'False', 'empty': 'False', 'profiles_dir': '/Users/abhik/.dbt', 'use_experimental_parser': 'False', 'indirect_selection': 'eager', 'warn_error': 'None', 'target_path': 'None'}
[0m14:36:15.018206 [error] [MainThread]: [[31mERROR[0m]: Encountered an error:
Runtime Error
  No dbt_project.yml found at expected path /Users/abhik/Documents/xcode/vscode/amzn-snflx-fdp/dbt_project.yml
  Verify that each entry within packages.yml (and their transitive dependencies) contains a file named dbt_project.yml
  
[0m14:36:15.028483 [debug] [MainThread]: Resource report: {"command_name": "build", "command_success": false, "command_wall_clock_time": 0.07298883, "process_in_blocks": "0", "process_kernel_time": 0.213187, "process_mem_max_rss": "131170304", "process_out_blocks": "0", "process_user_time": 0.889673}
[0m14:36:15.028977 [debug] [MainThread]: Command `dbt build` failed at 14:36:15.028906 after 0.07 seconds
[0m14:36:15.029240 [debug] [MainThread]: Sending event: {'category': 'dbt', 'action': 'invocation', 'label': 'end', 'context': [<snowplow_tracker.self_describing_json.SelfDescribingJson object at 0x10cbed5b0>, <snowplow_tracker.self_describing_json.SelfDescribingJson object at 0x10ccbd250>, <snowplow_tracker.self_describing_json.SelfDescribingJson object at 0x10cc839b0>]}
[0m14:36:15.029491 [debug] [MainThread]: Flushing usage events
[0m14:36:25.319301 [debug] [MainThread]: An error was encountered while trying to flush usage events
